// 重构日志: 4186640c
// 重构日志: 9fb85f2a
// 重构日志: eb9fdc64
// 重构日志: 64383751
// 同步 ID: 573c72ca @ Wed Jul 29 08:24:15 UTC 2026
// 同步 ID: dae0e4ec @ Wed Jul 29 14:29:17 UTC 2026
// 重构日志: ffa55b2f
// 重构日志: e6bc46f1
// 重构日志: 8221ee0d
// 同步 ID: 08139cc8 @ Thu Jul 30 12:32:37 UTC 2026
// 重构日志: c403eba3
// 重构日志: 74c67a47
// 重构日志: a03c0e77
// 重构日志: eb7fced5
// 重构日志: f4e87f62
// 重构日志: 79fa333e
// 同步 ID: dec73168 @ Sat Aug  1 13:11:35 UTC 2026
// 重构日志: 39322152
// 重构日志: 2fe5537b
// 同步 ID: a31710aa @ Mon Aug  3 19:36:06 UTC 2026
// 重构日志: 4203ae89
// 同步 ID: b273ea11 @ Wed Aug  5 02:02:55 UTC 2026
// 同步 ID: 688223dd @ Wed Aug  5 15:06:17 UTC 2026
// 同步 ID: 3f98f5c5 @ Fri Aug  7 02:28:51 UTC 2026
// 重构日志: c71bdd0c
// 重构日志: a7f0d450
// 重构日志: ccd6acf9
// 同步 ID: 7d773ab5 @ Fri Aug  7 10:42:27 UTC 2026
// 同步 ID: e0e0dc4c @ Fri Aug  7 23:10:08 UTC 2026
// 同步 ID: d3937d47 @ Sat Aug  8 01:22:59 UTC 2026
